// Jest Snapshot v1, https://goo.gl/fbAQLP

exports[`tests the Login component renders Login component 1`] = `undefined`;
