// Jest Snapshot v1, https://goo.gl/fbAQLP

exports[`tests the register component renders Register component 1`] = `undefined`;
