// Jest Snapshot v1, https://goo.gl/fbAQLP

exports[`tests the TeamList component renders TeamList component 1`] = `<ScrollViewMock />`;
